// Jest Snapshot v1, https://goo.gl/fbAQLP

exports[`Check Story screen 1`] = `
<RCTSafeAreaView
  emulateUnlessSupported={true}
>
  <RCTScrollView
    style={
      Object {
        "backgroundColor": "#FAFAFA",
        "height": 1334,
        "maxWidth": 750,
      }
    }
  >
    <View>
      <View
        style={
          Object {
            "backgroundColor": "#FAFAFA",
            "height": 1334,
            "maxWidth": 750,
          }
        }
      >
        <View>
          <Text
            style={
              Object {
                "display": "flex",
                "flexDirection": "column",
                "fontSize": 20,
                "marginTop": 10,
                "padding": 10,
                "textAlign": "center",
              }
            }
          >
            outro titulo kokama
          </Text>
          <Text
            style={
              Object {
                "display": "flex",
                "flexDirection": "column",
                "fontSize": 20,
                "marginBottom": 20,
                "padding": 15,
                "textAlignVertical": "center",
              }
            }
          >
            outro texto kokama
          </Text>
          <Text
            style={
              Object {
                "display": "flex",
                "flexDirection": "column",
                "fontSize": 20,
                "marginTop": 10,
                "padding": 10,
                "textAlign": "center",
              }
            }
          >
            outro titulo portugues
          </Text>
          <Text
            style={
              Object {
                "display": "flex",
                "flexDirection": "column",
                "fontSize": 20,
                "marginBottom": 20,
                "padding": 15,
                "textAlignVertical": "center",
              }
            }
          >
            outro texto portugues
          </Text>
        </View>
      </View>
    </View>
  </RCTScrollView>
</RCTSafeAreaView>
`;

exports[`Check Story screen 2`] = `
<RCTSafeAreaView
  emulateUnlessSupported={true}
>
  <RCTScrollView
    style={
      Object {
        "backgroundColor": "#FAFAFA",
        "height": 1334,
        "maxWidth": 750,
      }
    }
  >
    <View>
      <View
        style={
          Object {
            "backgroundColor": "#FAFAFA",
            "height": 1334,
            "maxWidth": 750,
          }
        }
      >
        <View>
          <Text
            style={
              Object {
                "display": "flex",
                "flexDirection": "column",
                "fontSize": 20,
                "marginTop": 10,
                "padding": 10,
                "textAlign": "center",
              }
            }
          >
            outro titulo portugues
          </Text>
          <Text
            style={
              Object {
                "display": "flex",
                "flexDirection": "column",
                "fontSize": 20,
                "marginBottom": 20,
                "padding": 15,
                "textAlignVertical": "center",
              }
            }
          >
            outro texto portugues
          </Text>
          <Text
            style={
              Object {
                "display": "flex",
                "flexDirection": "column",
                "fontSize": 20,
                "marginTop": 10,
                "padding": 10,
                "textAlign": "center",
              }
            }
          >
            outro titulo kokama
          </Text>
          <Text
            style={
              Object {
                "display": "flex",
                "flexDirection": "column",
                "fontSize": 20,
                "marginBottom": 20,
                "padding": 15,
                "textAlignVertical": "center",
              }
            }
          >
            outro texto kokama
          </Text>
        </View>
      </View>
    </View>
  </RCTScrollView>
</RCTSafeAreaView>
`;
